app/admin/page.tsx(214,19): error TS7034: Variable 'updates' implicitly has type 'any[]' in some locations where its type cannot be determined.
app/admin/page.tsx(225,35): error TS7005: Variable 'updates' implicitly has an 'any[]' type.
app/admin/page.tsx(254,13): error TS1117: An object literal cannot have multiple properties with the same name.
app/admin/UnitComponents.tsx(76,42): error TS2345: Argument of type '{ assignedToUnit: string; assignedToUserId: string | undefined; assignedBy: string; title: string; description: string; status: "pending"; }' is not assignable to parameter of type 'Omit<Task, "id" | "createdAt">'.
  Type '{ assignedToUnit: string; assignedToUserId: string | undefined; assignedBy: string; title: string; description: string; status: "pending"; }' is missing the following properties from type 'Omit<Task, "id" | "createdAt">': senderName, senderRole
